USER@DESKTOP-I6LDOR9 MINGW64 ~/Desktop
$ cd deletelater/

USER@DESKTOP-I6LDOR9 MINGW64 ~/Desktop/deletelater
$ git clone https://github.com/sureshmusale/githubactionscrashcourse.git
Cloning into 'githubactionscrashcourse'...
remote: Enumerating objects: 13, done.
remote: Counting objects: 100% (13/13), done.
remote: Compressing objects: 100% (7/7), done.
remote: Total 13 (delta 0), reused 0 (delta 0), pack-reused 0
Receiving objects: 100% (13/13), done.

USER@DESKTOP-I6LDOR9 MINGW64 ~/Desktop/deletelater
$ ls
githubactionscrashcourse/

USER@DESKTOP-I6LDOR9 MINGW64 ~/Desktop/deletelater
$ cd githubactionscrashcourse/

USER@DESKTOP-I6LDOR9 MINGW64 ~/Desktop/deletelater/githubactionscrashcourse (main)
$ ls
README.md

USER@DESKTOP-I6LDOR9 MINGW64 ~/Desktop/deletelater/githubactionscrashcourse (main)
$ ls -lart
total 5
drwxr-xr-x 1 USER 197121  0 Sep  9 09:02 ../
drwxr-xr-x 1 USER 197121  0 Sep  9 09:02 .github/
-rw-r--r-- 1 USER 197121 26 Sep  9 09:02 README.md
drwxr-xr-x 1 USER 197121  0 Sep  9 09:02 ./
drwxr-xr-x 1 USER 197121  0 Sep  9 09:02 .git/

USER@DESKTOP-I6LDOR9 MINGW64 ~/Desktop/deletelater/githubactionscrashcourse (main)
$ touch newfeature

USER@DESKTOP-I6LDOR9 MINGW64 ~/Desktop/deletelater/githubactionscrashcourse (main)
$ git checkout -b newfeaturebranch
Switched to a new branch 'newfeaturebranch'

USER@DESKTOP-I6LDOR9 MINGW64 ~/Desktop/deletelater/githubactionscrashcourse (newfeaturebranch)
$ touch featurefiles1 featurefiles2

USER@DESKTOP-I6LDOR9 MINGW64 ~/Desktop/deletelater/githubactionscrashcourse (newfeaturebranch)
$ ls
README.md  featurefiles1  featurefiles2  newfeature

USER@DESKTOP-I6LDOR9 MINGW64 ~/Desktop/deletelater/githubactionscrashcourse (newfeaturebranch)
$ git add .

USER@DESKTOP-I6LDOR9 MINGW64 ~/Desktop/deletelater/githubactionscrashcourse (newfeaturebranch)
$ git status
On branch newfeaturebranch
Changes to be committed:
  (use "git restore --staged <file>..." to unstage)
        new file:   featurefiles1
        new file:   featurefiles2
        new file:   newfeature


USER@DESKTOP-I6LDOR9 MINGW64 ~/Desktop/deletelater/githubactionscrashcourse (newfeaturebranch)
$ git commit -m "newfeature"
[newfeaturebranch 91769b4] newfeature
 3 files changed, 0 insertions(+), 0 deletions(-)
 create mode 100644 featurefiles1
 create mode 100644 featurefiles2
 create mode 100644 newfeature

USER@DESKTOP-I6LDOR9 MINGW64 ~/Desktop/deletelater/githubactionscrashcourse (newfeaturebranch)
$ git push
fatal: The current branch newfeaturebranch has no upstream branch.
To push the current branch and set the remote as upstream, use

    git push --set-upstream origin newfeaturebranch

To have this happen automatically for branches without a tracking
upstream, see 'push.autoSetupRemote' in 'git help config'.


USER@DESKTOP-I6LDOR9 MINGW64 ~/Desktop/deletelater/githubactionscrashcourse (newfeaturebranch)
$ git push --set-upstream origin newfeaturebranch
Enumerating objects: 4, done.
Counting objects: 100% (4/4), done.
Delta compression using up to 4 threads
Compressing objects: 100% (2/2), done.
Writing objects: 100% (3/3), 329 bytes | 329.00 KiB/s, done.
Total 3 (delta 0), reused 0 (delta 0), pack-reused 0
remote:
remote: Create a pull request for 'newfeaturebranch' on GitHub by visiting:
remote:      https://github.com/sureshmusale/githubactionscrashcourse/pull/new/newfeaturebranch
remote:
To https://github.com/sureshmusale/githubactionscrashcourse.git
 * [new branch]      newfeaturebranch -> newfeaturebranch
branch 'newfeaturebranch' set up to track 'origin/newfeaturebranch'.
